Archive member included to satisfy reference by file (symbol)

c:/program files/atmel/studio/7.0/toolchain/avr8/avr8-gnu-toolchain/bin/../lib/gcc/avr/4.9.2/../../../../avr/lib/avr5\libm.a(addsf3.o)
                              drivers/Keypad.o (__subsf3)
c:/program files/atmel/studio/7.0/toolchain/avr8/avr8-gnu-toolchain/bin/../lib/gcc/avr/4.9.2/../../../../avr/lib/avr5\libm.a(addsf3x.o)
                              c:/program files/atmel/studio/7.0/toolchain/avr8/avr8-gnu-toolchain/bin/../lib/gcc/avr/4.9.2/../../../../avr/lib/avr5\libm.a(addsf3.o) (__addsf3x)
c:/program files/atmel/studio/7.0/toolchain/avr8/avr8-gnu-toolchain/bin/../lib/gcc/avr/4.9.2/../../../../avr/lib/avr5\libm.a(cmpsf2.o)
                              drivers/Keypad.o (__eqsf2)
c:/program files/atmel/studio/7.0/toolchain/avr8/avr8-gnu-toolchain/bin/../lib/gcc/avr/4.9.2/../../../../avr/lib/avr5\libm.a(divsf3.o)
                              drivers/Keypad.o (__divsf3)
c:/program files/atmel/studio/7.0/toolchain/avr8/avr8-gnu-toolchain/bin/../lib/gcc/avr/4.9.2/../../../../avr/lib/avr5\libm.a(divsf3x.o)
                              c:/program files/atmel/studio/7.0/toolchain/avr8/avr8-gnu-toolchain/bin/../lib/gcc/avr/4.9.2/../../../../avr/lib/avr5\libm.a(divsf3.o) (__divsf3x)
c:/program files/atmel/studio/7.0/toolchain/avr8/avr8-gnu-toolchain/bin/../lib/gcc/avr/4.9.2/../../../../avr/lib/avr5\libm.a(fp_cmp.o)
                              c:/program files/atmel/studio/7.0/toolchain/avr8/avr8-gnu-toolchain/bin/../lib/gcc/avr/4.9.2/../../../../avr/lib/avr5\libm.a(cmpsf2.o) (__fp_cmp)
c:/program files/atmel/studio/7.0/toolchain/avr8/avr8-gnu-toolchain/bin/../lib/gcc/avr/4.9.2/../../../../avr/lib/avr5\libm.a(fp_inf.o)
                              c:/program files/atmel/studio/7.0/toolchain/avr8/avr8-gnu-toolchain/bin/../lib/gcc/avr/4.9.2/../../../../avr/lib/avr5\libm.a(addsf3x.o) (__fp_inf)
c:/program files/atmel/studio/7.0/toolchain/avr8/avr8-gnu-toolchain/bin/../lib/gcc/avr/4.9.2/../../../../avr/lib/avr5\libm.a(fp_nan.o)
                              c:/program files/atmel/studio/7.0/toolchain/avr8/avr8-gnu-toolchain/bin/../lib/gcc/avr/4.9.2/../../../../avr/lib/avr5\libm.a(addsf3x.o) (__fp_nan)
c:/program files/atmel/studio/7.0/toolchain/avr8/avr8-gnu-toolchain/bin/../lib/gcc/avr/4.9.2/../../../../avr/lib/avr5\libm.a(fp_pscA.o)
                              c:/program files/atmel/studio/7.0/toolchain/avr8/avr8-gnu-toolchain/bin/../lib/gcc/avr/4.9.2/../../../../avr/lib/avr5\libm.a(addsf3x.o) (__fp_pscA)
c:/program files/atmel/studio/7.0/toolchain/avr8/avr8-gnu-toolchain/bin/../lib/gcc/avr/4.9.2/../../../../avr/lib/avr5\libm.a(fp_pscB.o)
                              c:/program files/atmel/studio/7.0/toolchain/avr8/avr8-gnu-toolchain/bin/../lib/gcc/avr/4.9.2/../../../../avr/lib/avr5\libm.a(addsf3x.o) (__fp_pscB)
c:/program files/atmel/studio/7.0/toolchain/avr8/avr8-gnu-toolchain/bin/../lib/gcc/avr/4.9.2/../../../../avr/lib/avr5\libm.a(fp_round.o)
                              c:/program files/atmel/studio/7.0/toolchain/avr8/avr8-gnu-toolchain/bin/../lib/gcc/avr/4.9.2/../../../../avr/lib/avr5\libm.a(addsf3.o) (__fp_round)
c:/program files/atmel/studio/7.0/toolchain/avr8/avr8-gnu-toolchain/bin/../lib/gcc/avr/4.9.2/../../../../avr/lib/avr5\libm.a(fp_split3.o)
                              c:/program files/atmel/studio/7.0/toolchain/avr8/avr8-gnu-toolchain/bin/../lib/gcc/avr/4.9.2/../../../../avr/lib/avr5\libm.a(addsf3x.o) (__fp_split3)
c:/program files/atmel/studio/7.0/toolchain/avr8/avr8-gnu-toolchain/bin/../lib/gcc/avr/4.9.2/../../../../avr/lib/avr5\libm.a(fp_zero.o)
                              c:/program files/atmel/studio/7.0/toolchain/avr8/avr8-gnu-toolchain/bin/../lib/gcc/avr/4.9.2/../../../../avr/lib/avr5\libm.a(addsf3x.o) (__fp_zero)
c:/program files/atmel/studio/7.0/toolchain/avr8/avr8-gnu-toolchain/bin/../lib/gcc/avr/4.9.2/../../../../avr/lib/avr5\libm.a(gesf2.o)
                              drivers/Keypad.o (__gesf2)
c:/program files/atmel/studio/7.0/toolchain/avr8/avr8-gnu-toolchain/bin/../lib/gcc/avr/4.9.2/avr5\libgcc.a(_exit.o)
                              C:/Program Files/Atmel/Studio/7.0/Packs/atmel/ATmega_DFP/1.0.90/gcc/dev/atmega32/avr5/crtatmega32.o (exit)
c:/program files/atmel/studio/7.0/toolchain/avr8/avr8-gnu-toolchain/bin/../lib/gcc/avr/4.9.2/avr5\libgcc.a(_copy_data.o)
                              drivers/AnalogInput.o (__do_copy_data)
c:/program files/atmel/studio/7.0/toolchain/avr8/avr8-gnu-toolchain/bin/../lib/gcc/avr/4.9.2/avr5\libgcc.a(_clear_bss.o)
                              main.o (__do_clear_bss)
c:/program files/atmel/studio/7.0/toolchain/avr8/avr8-gnu-toolchain/bin/../lib/gcc/avr/4.9.2/avr5\libgcc.a(_ctors.o)
                              main.o (__do_global_ctors)
c:/program files/atmel/studio/7.0/toolchain/avr8/avr8-gnu-toolchain/bin/../lib/gcc/avr/4.9.2/avr5\libgcc.a(_dtors.o)
                              main.o (__do_global_dtors)
c:/program files/atmel/studio/7.0/toolchain/avr8/avr8-gnu-toolchain/bin/../lib/gcc/avr/4.9.2/avr5\libgcc.a(_tablejump2.o)
                              c:/program files/atmel/studio/7.0/toolchain/avr8/avr8-gnu-toolchain/bin/../lib/gcc/avr/4.9.2/avr5\libgcc.a(_ctors.o) (__tablejump2__)
c:/program files/atmel/studio/7.0/toolchain/avr8/avr8-gnu-toolchain/bin/../lib/gcc/avr/4.9.2/../../../../avr/lib/avr5\libc.a(itoa_ncheck.o)
                              drivers/ParallelTextLCD.o (__itoa_ncheck)
c:/program files/atmel/studio/7.0/toolchain/avr8/avr8-gnu-toolchain/bin/../lib/gcc/avr/4.9.2/../../../../avr/lib/avr5\libc.a(utoa_ncheck.o)
                              c:/program files/atmel/studio/7.0/toolchain/avr8/avr8-gnu-toolchain/bin/../lib/gcc/avr/4.9.2/../../../../avr/lib/avr5\libc.a(itoa_ncheck.o) (__utoa_common)
c:/program files/atmel/studio/7.0/toolchain/avr8/avr8-gnu-toolchain/bin/../lib/gcc/avr/4.9.2/../../../../avr/lib/avr5\libc.a(strrev.o)
                              c:/program files/atmel/studio/7.0/toolchain/avr8/avr8-gnu-toolchain/bin/../lib/gcc/avr/4.9.2/../../../../avr/lib/avr5\libc.a(utoa_ncheck.o) (strrev)

Discarded input sections

 .data          0x00000000        0x0 C:/Program Files/Atmel/Studio/7.0/Packs/atmel/ATmega_DFP/1.0.90/gcc/dev/atmega32/avr5/crtatmega32.o
 .bss           0x00000000        0x0 C:/Program Files/Atmel/Studio/7.0/Packs/atmel/ATmega_DFP/1.0.90/gcc/dev/atmega32/avr5/crtatmega32.o
 .text          0x00000000        0x0 controller/Microcontroller.o
 .data          0x00000000        0x0 controller/Microcontroller.o
 .bss           0x00000000        0x0 controller/Microcontroller.o
 .text._ZN7atmicro15MicrocontrollerC2Ev
                0x00000000        0x2 controller/Microcontroller.o
 .text._ZN7atmicro15MicrocontrollerD2Ev
                0x00000000        0x2 controller/Microcontroller.o
 .debug_info    0x00000000      0x173 controller/Microcontroller.o
 .debug_abbrev  0x00000000       0xf7 controller/Microcontroller.o
 .debug_aranges
                0x00000000       0x28 controller/Microcontroller.o
 .debug_ranges  0x00000000       0x18 controller/Microcontroller.o
 .debug_line    0x00000000       0x72 controller/Microcontroller.o
 .debug_str     0x00000000      0x1f3 controller/Microcontroller.o
 .comment       0x00000000       0x31 controller/Microcontroller.o
 .debug_frame   0x00000000       0x34 controller/Microcontroller.o
 .text          0x00000000        0x0 controller/Pinset.o
 .data          0x00000000        0x0 controller/Pinset.o
 .bss           0x00000000        0x0 controller/Pinset.o
 .text._ZN7atmicro6PinsetC2EiPNS_3PINE
                0x00000000       0x22 controller/Pinset.o
 .text._ZN7atmicro6PinsetD2Ev
                0x00000000        0x2 controller/Pinset.o
 .text._ZN7atmicro6Pinset7getDataEv
                0x00000000       0x8c controller/Pinset.o
 .text._ZN7atmicro6Pinset7putDataEj
                0x00000000       0x70 controller/Pinset.o
 .debug_info    0x00000000      0x4b0 controller/Pinset.o
 .debug_abbrev  0x00000000      0x27f controller/Pinset.o
 .debug_loc     0x00000000      0x2c3 controller/Pinset.o
 .debug_aranges
                0x00000000       0x38 controller/Pinset.o
 .debug_ranges  0x00000000       0x28 controller/Pinset.o
 .debug_line    0x00000000      0x139 controller/Pinset.o
 .debug_str     0x00000000      0x444 controller/Pinset.o
 .comment       0x00000000       0x31 controller/Pinset.o
 .debug_frame   0x00000000       0xb8 controller/Pinset.o
 .text          0x00000000        0x0 drivers/Accelerometer.o
 .data          0x00000000        0x0 drivers/Accelerometer.o
 .bss           0x00000000        0x0 drivers/Accelerometer.o
 .group         0x00000000        0x8 drivers/AnalogInput.o
 .text          0x00000000        0x0 drivers/AnalogInput.o
 .data          0x00000000        0x0 drivers/AnalogInput.o
 .bss           0x00000000        0x0 drivers/AnalogInput.o
 .text._ZN7atmicro11AnalogInput10initializeEv
                0x00000000       0x12 drivers/AnalogInput.o
 .text._ZN7atmicro11AnalogInput6isLiveEv
                0x00000000       0x18 drivers/AnalogInput.o
 .text._ZN7atmicro11AnalogInput11globablInitENS_9ADCconfig4VREFENS1_4ADPSE
                0x00000000       0x28 drivers/AnalogInput.o
 .text._ZN7atmicro11AnalogInputC2ENS_10ADCchannelE
                0x00000000       0x1a drivers/AnalogInput.o
 .text._ZN7atmicro11AnalogInputC2ENS_10ADCchannelEPFviS1_E
                0x00000000       0x30 drivers/AnalogInput.o
 .text._ZN7atmicro11AnalogInput9readValueEv
                0x00000000       0x2a drivers/AnalogInput.o
 .text._ZN7atmicro11AnalogInput15startConversionEv
                0x00000000       0x12 drivers/AnalogInput.o
 .text._ZN7atmicro11AnalogInput14stopConversionEv
                0x00000000        0x4 drivers/AnalogInput.o
 .text._ZN7atmicro11AnalogInputD2Ev
                0x00000000       0x2a drivers/AnalogInput.o
 .text._ZN7atmicro11AnalogInput11setCallbackEPFviNS_10ADCchannelEE
                0x00000000        0x8 drivers/AnalogInput.o
 .text._ZN7atmicro11AnalogInput7processEv
                0x00000000       0x1c drivers/AnalogInput.o
 .rodata._ZTVN7atmicro11AnalogInputE
                0x00000000        0x6 drivers/AnalogInput.o
 .debug_info    0x00000000      0xa78 drivers/AnalogInput.o
 .debug_abbrev  0x00000000      0x3ad drivers/AnalogInput.o
 .debug_loc     0x00000000      0x392 drivers/AnalogInput.o
 .debug_aranges
                0x00000000       0x70 drivers/AnalogInput.o
 .debug_ranges  0x00000000       0x60 drivers/AnalogInput.o
 .debug_line    0x00000000      0x1b7 drivers/AnalogInput.o
 .debug_str     0x00000000      0x883 drivers/AnalogInput.o
 .comment       0x00000000       0x31 drivers/AnalogInput.o
 .debug_frame   0x00000000       0xfc drivers/AnalogInput.o
 .text          0x00000000        0x0 drivers/Communication.o
 .data          0x00000000        0x0 drivers/Communication.o
 .bss           0x00000000        0x0 drivers/Communication.o
 .debug_info    0x00000000       0x5d drivers/Communication.o
 .debug_abbrev  0x00000000       0x31 drivers/Communication.o
 .debug_aranges
                0x00000000       0x18 drivers/Communication.o
 .debug_line    0x00000000       0x41 drivers/Communication.o
 .debug_str     0x00000000      0x1b4 drivers/Communication.o
 .comment       0x00000000       0x31 drivers/Communication.o
 .text          0x00000000        0x0 drivers/Device.o
 .data          0x00000000        0x0 drivers/Device.o
 .bss           0x00000000        0x0 drivers/Device.o
 .text._ZN7atmicro6Device9getStatusENS_3PINE
                0x00000000       0x78 drivers/Device.o
 .text._ZN7atmicro6Device9setStatusENS_4PORTENS_8POSITIONEb
                0x00000000       0xe8 drivers/Device.o
 .text._ZN7atmicro6Device12setDirectionENS_4PORTENS_8POSITIONEb
                0x00000000       0xe8 drivers/Device.o
 .text._ZN7atmicro6Device9setStatusENS_4PORTEi
                0x00000000       0x26 drivers/Device.o
 .text._ZN7atmicro6Device12setDirectionENS_4PORTEi
                0x00000000       0x26 drivers/Device.o
 .text._ZN7atmicro6Device9getStatusENS_4PORTENS_8POSITIONE
                0x00000000       0x62 drivers/Device.o
 .group         0x00000000        0x8 drivers/DigitalOutput.o
 .text          0x00000000        0x0 drivers/DigitalOutput.o
 .data          0x00000000        0x0 drivers/DigitalOutput.o
 .bss           0x00000000        0x0 drivers/DigitalOutput.o
 .text._ZN7atmicro13DigitalOutputD2Ev
                0x00000000       0x24 drivers/DigitalOutput.o
 .text          0x00000000        0x0 drivers/EEPROM.o
 .data          0x00000000        0x0 drivers/EEPROM.o
 .bss           0x00000000        0x0 drivers/EEPROM.o
 .text._ZN7atmicro6EEPROMC2Ev
                0x00000000        0x2 drivers/EEPROM.o
 .text._ZN7atmicro6EEPROMD2Ev
                0x00000000        0x2 drivers/EEPROM.o
 .text._ZN7atmicro6EEPROM4readEj
                0x00000000        0xe drivers/EEPROM.o
 .text._ZN7atmicro6EEPROM5writeEjh
                0x00000000       0x10 drivers/EEPROM.o
 .debug_info    0x00000000      0x279 drivers/EEPROM.o
 .debug_abbrev  0x00000000      0x172 drivers/EEPROM.o
 .debug_loc     0x00000000       0x26 drivers/EEPROM.o
 .debug_aranges
                0x00000000       0x38 drivers/EEPROM.o
 .debug_ranges  0x00000000       0x28 drivers/EEPROM.o
 .debug_line    0x00000000       0x8d drivers/EEPROM.o
 .debug_str     0x00000000      0x26c drivers/EEPROM.o
 .comment       0x00000000       0x31 drivers/EEPROM.o
 .debug_frame   0x00000000       0x54 drivers/EEPROM.o
 .text          0x00000000        0x0 drivers/Input.o
 .data          0x00000000        0x0 drivers/Input.o
 .bss           0x00000000        0x0 drivers/Input.o
 .debug_info    0x00000000       0x5d drivers/Input.o
 .debug_abbrev  0x00000000       0x31 drivers/Input.o
 .debug_aranges
                0x00000000       0x18 drivers/Input.o
 .debug_line    0x00000000       0x41 drivers/Input.o
 .debug_str     0x00000000      0x1ac drivers/Input.o
 .comment       0x00000000       0x31 drivers/Input.o
 .group         0x00000000        0x8 drivers/Keypad.o
 .text          0x00000000        0x0 drivers/Keypad.o
 .data          0x00000000        0x0 drivers/Keypad.o
 .bss           0x00000000        0x0 drivers/Keypad.o
 .text._ZN7atmicro6Keypad10initializeEv
                0x00000000       0x20 drivers/Keypad.o
 .text._ZN7atmicro6KeypadC2ENS_4PORTE
                0x00000000       0x12 drivers/Keypad.o
 .text._ZN7atmicro6KeypadD2Ev
                0x00000000       0x28 drivers/Keypad.o
 .text._ZN7atmicro6Keypad13switchPressedENS_3PINE
                0x00000000      0x12e drivers/Keypad.o
 .text._ZN7atmicro6Keypad17undebouncedStatusEv
                0x00000000       0x76 drivers/Keypad.o
 .text._ZN7atmicro6Keypad9isPressedEv
                0x00000000       0x7a drivers/Keypad.o
 .text._ZN7atmicro6Keypad9isPressedEss
                0x00000000       0x3c drivers/Keypad.o
 .rodata._ZTVN7atmicro6KeypadE
                0x00000000        0x6 drivers/Keypad.o
 .debug_info    0x00000000      0xa2e drivers/Keypad.o
 .debug_abbrev  0x00000000      0x351 drivers/Keypad.o
 .debug_loc     0x00000000      0x667 drivers/Keypad.o
 .debug_aranges
                0x00000000       0x50 drivers/Keypad.o
 .debug_ranges  0x00000000       0x58 drivers/Keypad.o
 .debug_line    0x00000000      0x163 drivers/Keypad.o
 .debug_str     0x00000000      0x6e4 drivers/Keypad.o
 .comment       0x00000000       0x31 drivers/Keypad.o
 .debug_frame   0x00000000      0x148 drivers/Keypad.o
 .text          0x00000000        0x0 drivers/Output.o
 .data          0x00000000        0x0 drivers/Output.o
 .bss           0x00000000        0x0 drivers/Output.o
 .debug_info    0x00000000       0x5d drivers/Output.o
 .debug_abbrev  0x00000000       0x31 drivers/Output.o
 .debug_aranges
                0x00000000       0x18 drivers/Output.o
 .debug_line    0x00000000       0x41 drivers/Output.o
 .debug_str     0x00000000      0x1ad drivers/Output.o
 .comment       0x00000000       0x31 drivers/Output.o
 .group         0x00000000        0x8 drivers/ParallelTextLCD.o
 .text          0x00000000        0x0 drivers/ParallelTextLCD.o
 .data          0x00000000        0x0 drivers/ParallelTextLCD.o
 .bss           0x00000000        0x0 drivers/ParallelTextLCD.o
 .text._ZN7atmicro15ParallelTextLCDD2Ev
                0x00000000       0x58 drivers/ParallelTextLCD.o
 .text._ZN7atmicro15ParallelTextLCD13action_enableEv
                0x00000000       0x20 drivers/ParallelTextLCD.o
 .text._ZN7atmicro15ParallelTextLCD9wait_busyEv
                0x00000000       0x44 drivers/ParallelTextLCD.o
 .text._ZN7atmicro15ParallelTextLCD7commandEh
                0x00000000       0x40 drivers/ParallelTextLCD.o
 .text._ZN7atmicro15ParallelTextLCD10initializeEv
                0x00000000       0x64 drivers/ParallelTextLCD.o
 .rodata        0x00000000        0x8 drivers/ParallelTextLCD.o
 .text._ZN7atmicro15ParallelTextLCDC2ENS_4PORTENS_3PINES2_S2_
                0x00000000       0x38 drivers/ParallelTextLCD.o
 .text._ZN7atmicro15ParallelTextLCD8positionEii
                0x00000000       0x18 drivers/ParallelTextLCD.o
 .text._ZN7atmicro15ParallelTextLCD5clearEv
                0x00000000       0x14 drivers/ParallelTextLCD.o
 .text._ZN7atmicro15ParallelTextLCD6cursorEbb
                0x00000000       0x28 drivers/ParallelTextLCD.o
 .text._ZN7atmicro15ParallelTextLCD9characterEh
                0x00000000       0x40 drivers/ParallelTextLCD.o
 .text._ZN7atmicro15ParallelTextLCD6stringEPKc
                0x00000000       0x2a drivers/ParallelTextLCD.o
 .text._ZN7atmicro15ParallelTextLCD7integerEi
                0x00000000       0x4a drivers/ParallelTextLCD.o
 .text._ZN7atmicro15ParallelTextLCD6stringEiiPKc
                0x00000000       0x22 drivers/ParallelTextLCD.o
 .text._ZN7atmicro15ParallelTextLCD7integerEiii
                0x00000000       0x62 drivers/ParallelTextLCD.o
 .text._ZN7atmicro15ParallelTextLCD9characterEiih
                0x00000000       0x1e drivers/ParallelTextLCD.o
 .rodata._ZTVN7atmicro15ParallelTextLCDE
                0x00000000        0x6 drivers/ParallelTextLCD.o
 .debug_info    0x00000000     0x130a drivers/ParallelTextLCD.o
 .debug_abbrev  0x00000000      0x3ee drivers/ParallelTextLCD.o
 .debug_loc     0x00000000      0xa8b drivers/ParallelTextLCD.o
 .debug_aranges
                0x00000000       0x90 drivers/ParallelTextLCD.o
 .debug_ranges  0x00000000       0x80 drivers/ParallelTextLCD.o
 .debug_line    0x00000000      0x2de drivers/ParallelTextLCD.o
 .debug_str     0x00000000      0x94f drivers/ParallelTextLCD.o
 .comment       0x00000000       0x31 drivers/ParallelTextLCD.o
 .debug_frame   0x00000000      0x1e8 drivers/ParallelTextLCD.o
 .group         0x00000000        0x8 drivers/PushButtonSwitch.o
 .text          0x00000000        0x0 drivers/PushButtonSwitch.o
 .data          0x00000000        0x0 drivers/PushButtonSwitch.o
 .bss           0x00000000        0x0 drivers/PushButtonSwitch.o
 .text._ZN7atmicro16PushButtonSwitch10initializeEv
                0x00000000       0x1e drivers/PushButtonSwitch.o
 .text._ZN7atmicro16PushButtonSwitchC2ENS_3PINEb
                0x00000000       0x14 drivers/PushButtonSwitch.o
 .text._ZN7atmicro16PushButtonSwitchD2Ev
                0x00000000       0x14 drivers/PushButtonSwitch.o
 .text._ZN7atmicro16PushButtonSwitch17undebouncedStatusEv
                0x00000000       0x1e drivers/PushButtonSwitch.o
 .text._ZN7atmicro16PushButtonSwitch9isPressedEv
                0x00000000      0x13c drivers/PushButtonSwitch.o
 .rodata._ZTVN7atmicro16PushButtonSwitchE
                0x00000000        0x6 drivers/PushButtonSwitch.o
 .debug_info    0x00000000      0x785 drivers/PushButtonSwitch.o
 .debug_abbrev  0x00000000      0x301 drivers/PushButtonSwitch.o
 .debug_loc     0x00000000      0x2bc drivers/PushButtonSwitch.o
 .debug_aranges
                0x00000000       0x40 drivers/PushButtonSwitch.o
 .debug_ranges  0x00000000       0x48 drivers/PushButtonSwitch.o
 .debug_line    0x00000000      0x111 drivers/PushButtonSwitch.o
 .debug_str     0x00000000      0x6db drivers/PushButtonSwitch.o
 .comment       0x00000000       0x31 drivers/PushButtonSwitch.o
 .debug_frame   0x00000000       0xa8 drivers/PushButtonSwitch.o
 .group         0x00000000        0x8 drivers/Storage.o
 .text          0x00000000        0x0 drivers/Storage.o
 .data          0x00000000        0x0 drivers/Storage.o
 .bss           0x00000000        0x0 drivers/Storage.o
 .text._ZN7atmicro7Storage7Method2Ev
                0x00000000        0x2 drivers/Storage.o
 .text._ZN7atmicro7Storage7Method3Ev
                0x00000000        0x2 drivers/Storage.o
 .text._ZN7atmicro7StorageD2Ev
                0x00000000        0x2 drivers/Storage.o
 .text._ZN7atmicro7StorageD0Ev
                0x00000000        0x6 drivers/Storage.o
 .rodata._ZTVN7atmicro7StorageE
                0x00000000        0xe drivers/Storage.o
 .debug_info    0x00000000      0x498 drivers/Storage.o
 .debug_abbrev  0x00000000      0x200 drivers/Storage.o
 .debug_loc     0x00000000       0x26 drivers/Storage.o
 .debug_aranges
                0x00000000       0x38 drivers/Storage.o
 .debug_ranges  0x00000000       0x28 drivers/Storage.o
 .debug_line    0x00000000       0xb1 drivers/Storage.o
 .debug_str     0x00000000      0x5d1 drivers/Storage.o
 .comment       0x00000000       0x31 drivers/Storage.o
 .debug_frame   0x00000000       0x54 drivers/Storage.o
 .group         0x00000000        0x8 drivers/Timer.o
 .text          0x00000000        0x0 drivers/Timer.o
 .data          0x00000000        0x0 drivers/Timer.o
 .bss           0x00000000        0x0 drivers/Timer.o
 .text._ZN7atmicro5Timer7Method2Ev
                0x00000000        0x2 drivers/Timer.o
 .text._ZN7atmicro5Timer7Method3Ev
                0x00000000        0x2 drivers/Timer.o
 .text._ZN7atmicro5TimerD2Ev
                0x00000000        0x2 drivers/Timer.o
 .text._ZN7atmicro5TimerD0Ev
                0x00000000        0x6 drivers/Timer.o
 .rodata._ZTVN7atmicro5TimerE
                0x00000000        0xe drivers/Timer.o
 .debug_info    0x00000000      0x498 drivers/Timer.o
 .debug_abbrev  0x00000000      0x200 drivers/Timer.o
 .debug_loc     0x00000000       0x26 drivers/Timer.o
 .debug_aranges
                0x00000000       0x38 drivers/Timer.o
 .debug_ranges  0x00000000       0x28 drivers/Timer.o
 .debug_line    0x00000000       0xad drivers/Timer.o
 .debug_str     0x00000000      0x5c1 drivers/Timer.o
 .comment       0x00000000       0x31 drivers/Timer.o
 .debug_frame   0x00000000       0x54 drivers/Timer.o
 .group         0x00000000        0x8 drivers/USART.o
 .text          0x00000000        0x0 drivers/USART.o
 .data          0x00000000        0x0 drivers/USART.o
 .bss           0x00000000        0x0 drivers/USART.o
 .text._ZN7atmicro5USART10initializeEv
                0x00000000        0xc drivers/USART.o
 .text._ZN7atmicro5USARTC2Ej
                0x00000000       0x14 drivers/USART.o
 .text._ZN7atmicro5USARTD2Ev
                0x00000000       0x12 drivers/USART.o
 .text._ZN7atmicro5USART8transmitEh
                0x00000000        0x8 drivers/USART.o
 .text._ZN7atmicro5USART8transmitEPKc
                0x00000000       0x36 drivers/USART.o
 .text._ZN7atmicro5USART7receiveEv
                0x00000000        0x8 drivers/USART.o
 .rodata._ZTVN7atmicro5USARTE
                0x00000000        0x6 drivers/USART.o
 .debug_info    0x00000000      0x7b1 drivers/USART.o
 .debug_abbrev  0x00000000      0x339 drivers/USART.o
 .debug_loc     0x00000000      0x192 drivers/USART.o
 .debug_aranges
                0x00000000       0x48 drivers/USART.o
 .debug_ranges  0x00000000       0x38 drivers/USART.o
 .debug_line    0x00000000      0x1c0 drivers/USART.o
 .debug_str     0x00000000      0x699 drivers/USART.o
 .comment       0x00000000       0x31 drivers/USART.o
 .debug_frame   0x00000000       0x88 drivers/USART.o
 .text          0x00000000        0x0 interface/Istream.o
 .data          0x00000000        0x0 interface/Istream.o
 .bss           0x00000000        0x0 interface/Istream.o
 .text._ZN7atmicro7IstreamD2Ev
                0x00000000        0x2 interface/Istream.o
 .text._ZN7atmicro7Istream5clearEv
                0x00000000       0x20 interface/Istream.o
 .rodata        0x00000000       0x10 interface/Istream.o
 .text._ZN7atmicro7IstreamC2Ev
                0x00000000       0x30 interface/Istream.o
 .text._ZN7atmicro7Istream4pushEc
                0x00000000       0x2c interface/Istream.o
 .text._ZN7atmicro7Istream6updateERNS_6KeypadE
                0x00000000      0x10c interface/Istream.o
 .debug_info    0x00000000      0x4b9 interface/Istream.o
 .debug_abbrev  0x00000000      0x260 interface/Istream.o
 .debug_loc     0x00000000      0x290 interface/Istream.o
 .debug_aranges
                0x00000000       0x40 interface/Istream.o
 .debug_ranges  0x00000000       0x78 interface/Istream.o
 .debug_line    0x00000000      0x12d interface/Istream.o
 .debug_str     0x00000000      0x32a interface/Istream.o
 .comment       0x00000000       0x31 interface/Istream.o
 .debug_frame   0x00000000       0xb4 interface/Istream.o
 .text          0x00000000        0x0 main.o
 .data          0x00000000        0x0 main.o
 .bss           0x00000000        0x0 main.o
 .text          0x00000000        0x0 c:/program files/atmel/studio/7.0/toolchain/avr8/avr8-gnu-toolchain/bin/../lib/gcc/avr/4.9.2/../../../../avr/lib/avr5\libm.a(addsf3.o)
 .data          0x00000000        0x0 c:/program files/atmel/studio/7.0/toolchain/avr8/avr8-gnu-toolchain/bin/../lib/gcc/avr/4.9.2/../../../../avr/lib/avr5\libm.a(addsf3.o)
 .bss           0x00000000        0x0 c:/program files/atmel/studio/7.0/toolchain/avr8/avr8-gnu-toolchain/bin/../lib/gcc/avr/4.9.2/../../../../avr/lib/avr5\libm.a(addsf3.o)
 .text.avr-libc.fplib
                0x00000000        0xe c:/program files/atmel/studio/7.0/toolchain/avr8/avr8-gnu-toolchain/bin/../lib/gcc/avr/4.9.2/../../../../avr/lib/avr5\libm.a(addsf3.o)
 .text          0x00000000        0x0 c:/program files/atmel/studio/7.0/toolchain/avr8/avr8-gnu-toolchain/bin/../lib/gcc/avr/4.9.2/../../../../avr/lib/avr5\libm.a(addsf3x.o)
 .data          0x00000000        0x0 c:/program files/atmel/studio/7.0/toolchain/avr8/avr8-gnu-toolchain/bin/../lib/gcc/avr/4.9.2/../../../../avr/lib/avr5\libm.a(addsf3x.o)
 .bss           0x00000000        0x0 c:/program files/atmel/studio/7.0/toolchain/avr8/avr8-gnu-toolchain/bin/../lib/gcc/avr/4.9.2/../../../../avr/lib/avr5\libm.a(addsf3x.o)
 .text.avr-libc.fplib
                0x00000000       0xcc c:/program files/atmel/studio/7.0/toolchain/avr8/avr8-gnu-toolchain/bin/../lib/gcc/avr/4.9.2/../../../../avr/lib/avr5\libm.a(addsf3x.o)
 .text          0x00000000        0x0 c:/program files/atmel/studio/7.0/toolchain/avr8/avr8-gnu-toolchain/bin/../lib/gcc/avr/4.9.2/../../../../avr/lib/avr5\libm.a(cmpsf2.o)
 .data          0x00000000        0x0 c:/program files/atmel/studio/7.0/toolchain/avr8/avr8-gnu-toolchain/bin/../lib/gcc/avr/4.9.2/../../../../avr/lib/avr5\libm.a(cmpsf2.o)
 .bss           0x00000000        0x0 c:/program files/atmel/studio/7.0/toolchain/avr8/avr8-gnu-toolchain/bin/../lib/gcc/avr/4.9.2/../../../../avr/lib/avr5\libm.a(cmpsf2.o)
 .text.avr-libc.fplib
                0x00000000        0xa c:/program files/atmel/studio/7.0/toolchain/avr8/avr8-gnu-toolchain/bin/../lib/gcc/avr/4.9.2/../../../../avr/lib/avr5\libm.a(cmpsf2.o)
 .text          0x00000000        0x0 c:/program files/atmel/studio/7.0/toolchain/avr8/avr8-gnu-toolchain/bin/../lib/gcc/avr/4.9.2/../../../../avr/lib/avr5\libm.a(divsf3.o)
 .data          0x00000000        0x0 c:/program files/atmel/studio/7.0/toolchain/avr8/avr8-gnu-toolchain/bin/../lib/gcc/avr/4.9.2/../../../../avr/lib/avr5\libm.a(divsf3.o)
 .bss           0x00000000        0x0 c:/program files/atmel/studio/7.0/toolchain/avr8/avr8-gnu-toolchain/bin/../lib/gcc/avr/4.9.2/../../../../avr/lib/avr5\libm.a(divsf3.o)
 .text.avr-libc.fplib
                0x00000000        0x8 c:/program files/atmel/studio/7.0/toolchain/avr8/avr8-gnu-toolchain/bin/../lib/gcc/avr/4.9.2/../../../../avr/lib/avr5\libm.a(divsf3.o)
 .text          0x00000000        0x0 c:/program files/atmel/studio/7.0/toolchain/avr8/avr8-gnu-toolchain/bin/../lib/gcc/avr/4.9.2/../../../../avr/lib/avr5\libm.a(divsf3x.o)
 .data          0x00000000        0x0 c:/program files/atmel/studio/7.0/toolchain/avr8/avr8-gnu-toolchain/bin/../lib/gcc/avr/4.9.2/../../../../avr/lib/avr5\libm.a(divsf3x.o)
 .bss           0x00000000        0x0 c:/program files/atmel/studio/7.0/toolchain/avr8/avr8-gnu-toolchain/bin/../lib/gcc/avr/4.9.2/../../../../avr/lib/avr5\libm.a(divsf3x.o)
 .text.avr-libc.fplib
                0x00000000       0xdc c:/program files/atmel/studio/7.0/toolchain/avr8/avr8-gnu-toolchain/bin/../lib/gcc/avr/4.9.2/../../../../avr/lib/avr5\libm.a(divsf3x.o)
 .text          0x00000000        0x0 c:/program files/atmel/studio/7.0/toolchain/avr8/avr8-gnu-toolchain/bin/../lib/gcc/avr/4.9.2/../../../../avr/lib/avr5\libm.a(fp_cmp.o)
 .data          0x00000000        0x0 c:/program files/atmel/studio/7.0/toolchain/avr8/avr8-gnu-toolchain/bin/../lib/gcc/avr/4.9.2/../../../../avr/lib/avr5\libm.a(fp_cmp.o)
 .bss           0x00000000        0x0 c:/program files/atmel/studio/7.0/toolchain/avr8/avr8-gnu-toolchain/bin/../lib/gcc/avr/4.9.2/../../../../avr/lib/avr5\libm.a(fp_cmp.o)
 .text.avr-libc.fplib
                0x00000000       0x48 c:/program files/atmel/studio/7.0/toolchain/avr8/avr8-gnu-toolchain/bin/../lib/gcc/avr/4.9.2/../../../../avr/lib/avr5\libm.a(fp_cmp.o)
 .text          0x00000000        0x0 c:/program files/atmel/studio/7.0/toolchain/avr8/avr8-gnu-toolchain/bin/../lib/gcc/avr/4.9.2/../../../../avr/lib/avr5\libm.a(fp_inf.o)
 .data          0x00000000        0x0 c:/program files/atmel/studio/7.0/toolchain/avr8/avr8-gnu-toolchain/bin/../lib/gcc/avr/4.9.2/../../../../avr/lib/avr5\libm.a(fp_inf.o)
 .bss           0x00000000        0x0 c:/program files/atmel/studio/7.0/toolchain/avr8/avr8-gnu-toolchain/bin/../lib/gcc/avr/4.9.2/../../../../avr/lib/avr5\libm.a(fp_inf.o)
 .text.avr-libc.fplib
                0x00000000        0xc c:/program files/atmel/studio/7.0/toolchain/avr8/avr8-gnu-toolchain/bin/../lib/gcc/avr/4.9.2/../../../../avr/lib/avr5\libm.a(fp_inf.o)
 .text          0x00000000        0x0 c:/program files/atmel/studio/7.0/toolchain/avr8/avr8-gnu-toolchain/bin/../lib/gcc/avr/4.9.2/../../../../avr/lib/avr5\libm.a(fp_nan.o)
 .data          0x00000000        0x0 c:/program files/atmel/studio/7.0/toolchain/avr8/avr8-gnu-toolchain/bin/../lib/gcc/avr/4.9.2/../../../../avr/lib/avr5\libm.a(fp_nan.o)
 .bss           0x00000000        0x0 c:/program files/atmel/studio/7.0/toolchain/avr8/avr8-gnu-toolchain/bin/../lib/gcc/avr/4.9.2/../../../../avr/lib/avr5\libm.a(fp_nan.o)
 .text.avr-libc.fplib
                0x00000000        0x6 c:/program files/atmel/studio/7.0/toolchain/avr8/avr8-gnu-toolchain/bin/../lib/gcc/avr/4.9.2/../../../../avr/lib/avr5\libm.a(fp_nan.o)
 .text          0x00000000        0x0 c:/program files/atmel/studio/7.0/toolchain/avr8/avr8-gnu-toolchain/bin/../lib/gcc/avr/4.9.2/../../../../avr/lib/avr5\libm.a(fp_pscA.o)
 .data          0x00000000        0x0 c:/program files/atmel/studio/7.0/toolchain/avr8/avr8-gnu-toolchain/bin/../lib/gcc/avr/4.9.2/../../../../avr/lib/avr5\libm.a(fp_pscA.o)
 .bss           0x00000000        0x0 c:/program files/atmel/studio/7.0/toolchain/avr8/avr8-gnu-toolchain/bin/../lib/gcc/avr/4.9.2/../../../../avr/lib/avr5\libm.a(fp_pscA.o)
 .text.avr-libc.fplib
                0x00000000        0xe c:/program files/atmel/studio/7.0/toolchain/avr8/avr8-gnu-toolchain/bin/../lib/gcc/avr/4.9.2/../../../../avr/lib/avr5\libm.a(fp_pscA.o)
 .text          0x00000000        0x0 c:/program files/atmel/studio/7.0/toolchain/avr8/avr8-gnu-toolchain/bin/../lib/gcc/avr/4.9.2/../../../../avr/lib/avr5\libm.a(fp_pscB.o)
 .data          0x00000000        0x0 c:/program files/atmel/studio/7.0/toolchain/avr8/avr8-gnu-toolchain/bin/../lib/gcc/avr/4.9.2/../../../../avr/lib/avr5\libm.a(fp_pscB.o)
 .bss           0x00000000        0x0 c:/program files/atmel/studio/7.0/toolchain/avr8/avr8-gnu-toolchain/bin/../lib/gcc/avr/4.9.2/../../../../avr/lib/avr5\libm.a(fp_pscB.o)
 .text.avr-libc.fplib
                0x00000000        0xe c:/program files/atmel/studio/7.0/toolchain/avr8/avr8-gnu-toolchain/bin/../lib/gcc/avr/4.9.2/../../../../avr/lib/avr5\libm.a(fp_pscB.o)
 .text          0x00000000        0x0 c:/program files/atmel/studio/7.0/toolchain/avr8/avr8-gnu-toolchain/bin/../lib/gcc/avr/4.9.2/../../../../avr/lib/avr5\libm.a(fp_round.o)
 .data          0x00000000        0x0 c:/program files/atmel/studio/7.0/toolchain/avr8/avr8-gnu-toolchain/bin/../lib/gcc/avr/4.9.2/../../../../avr/lib/avr5\libm.a(fp_round.o)
 .bss           0x00000000        0x0 c:/program files/atmel/studio/7.0/toolchain/avr8/avr8-gnu-toolchain/bin/../lib/gcc/avr/4.9.2/../../../../avr/lib/avr5\libm.a(fp_round.o)
 .text.avr-libc.fplib
                0x00000000       0x22 c:/program files/atmel/studio/7.0/toolchain/avr8/avr8-gnu-toolchain/bin/../lib/gcc/avr/4.9.2/../../../../avr/lib/avr5\libm.a(fp_round.o)
 .text          0x00000000        0x0 c:/program files/atmel/studio/7.0/toolchain/avr8/avr8-gnu-toolchain/bin/../lib/gcc/avr/4.9.2/../../../../avr/lib/avr5\libm.a(fp_split3.o)
 .data          0x00000000        0x0 c:/program files/atmel/studio/7.0/toolchain/avr8/avr8-gnu-toolchain/bin/../lib/gcc/avr/4.9.2/../../../../avr/lib/avr5\libm.a(fp_split3.o)
 .bss           0x00000000        0x0 c:/program files/atmel/studio/7.0/toolchain/avr8/avr8-gnu-toolchain/bin/../lib/gcc/avr/4.9.2/../../../../avr/lib/avr5\libm.a(fp_split3.o)
 .text.avr-libc.fplib
                0x00000000       0x44 c:/program files/atmel/studio/7.0/toolchain/avr8/avr8-gnu-toolchain/bin/../lib/gcc/avr/4.9.2/../../../../avr/lib/avr5\libm.a(fp_split3.o)
 .text          0x00000000        0x0 c:/program files/atmel/studio/7.0/toolchain/avr8/avr8-gnu-toolchain/bin/../lib/gcc/avr/4.9.2/../../../../avr/lib/avr5\libm.a(fp_zero.o)
 .data          0x00000000        0x0 c:/program files/atmel/studio/7.0/toolchain/avr8/avr8-gnu-toolchain/bin/../lib/gcc/avr/4.9.2/../../../../avr/lib/avr5\libm.a(fp_zero.o)
 .bss           0x00000000        0x0 c:/program files/atmel/studio/7.0/toolchain/avr8/avr8-gnu-toolchain/bin/../lib/gcc/avr/4.9.2/../../../../avr/lib/avr5\libm.a(fp_zero.o)
 .text.avr-libc.fplib
                0x00000000        0xe c:/program files/atmel/studio/7.0/toolchain/avr8/avr8-gnu-toolchain/bin/../lib/gcc/avr/4.9.2/../../../../avr/lib/avr5\libm.a(fp_zero.o)
 .text          0x00000000        0x0 c:/program files/atmel/studio/7.0/toolchain/avr8/avr8-gnu-toolchain/bin/../lib/gcc/avr/4.9.2/../../../../avr/lib/avr5\libm.a(gesf2.o)
 .data          0x00000000        0x0 c:/program files/atmel/studio/7.0/toolchain/avr8/avr8-gnu-toolchain/bin/../lib/gcc/avr/4.9.2/../../../../avr/lib/avr5\libm.a(gesf2.o)
 .bss           0x00000000        0x0 c:/program files/atmel/studio/7.0/toolchain/avr8/avr8-gnu-toolchain/bin/../lib/gcc/avr/4.9.2/../../../../avr/lib/avr5\libm.a(gesf2.o)
 .text.avr-libc.fplib
                0x00000000        0xa c:/program files/atmel/studio/7.0/toolchain/avr8/avr8-gnu-toolchain/bin/../lib/gcc/avr/4.9.2/../../../../avr/lib/avr5\libm.a(gesf2.o)
 .text          0x00000000        0x0 c:/program files/atmel/studio/7.0/toolchain/avr8/avr8-gnu-toolchain/bin/../lib/gcc/avr/4.9.2/avr5\libgcc.a(_exit.o)
 .data          0x00000000        0x0 c:/program files/atmel/studio/7.0/toolchain/avr8/avr8-gnu-toolchain/bin/../lib/gcc/avr/4.9.2/avr5\libgcc.a(_exit.o)
 .bss           0x00000000        0x0 c:/program files/atmel/studio/7.0/toolchain/avr8/avr8-gnu-toolchain/bin/../lib/gcc/avr/4.9.2/avr5\libgcc.a(_exit.o)
 .text.libgcc.mul
                0x00000000        0x0 c:/program files/atmel/studio/7.0/toolchain/avr8/avr8-gnu-toolchain/bin/../lib/gcc/avr/4.9.2/avr5\libgcc.a(_exit.o)
 .text.libgcc.div
                0x00000000        0x0 c:/program files/atmel/studio/7.0/toolchain/avr8/avr8-gnu-toolchain/bin/../lib/gcc/avr/4.9.2/avr5\libgcc.a(_exit.o)
 .text.libgcc   0x00000000        0x0 c:/program files/atmel/studio/7.0/toolchain/avr8/avr8-gnu-toolchain/bin/../lib/gcc/avr/4.9.2/avr5\libgcc.a(_exit.o)
 .text.libgcc.prologue
                0x00000000        0x0 c:/program files/atmel/studio/7.0/toolchain/avr8/avr8-gnu-toolchain/bin/../lib/gcc/avr/4.9.2/avr5\libgcc.a(_exit.o)
 .text.libgcc.builtins
                0x00000000        0x0 c:/program files/atmel/studio/7.0/toolchain/avr8/avr8-gnu-toolchain/bin/../lib/gcc/avr/4.9.2/avr5\libgcc.a(_exit.o)
 .text.libgcc.fmul
                0x00000000        0x0 c:/program files/atmel/studio/7.0/toolchain/avr8/avr8-gnu-toolchain/bin/../lib/gcc/avr/4.9.2/avr5\libgcc.a(_exit.o)
 .text.libgcc.fixed
                0x00000000        0x0 c:/program files/atmel/studio/7.0/toolchain/avr8/avr8-gnu-toolchain/bin/../lib/gcc/avr/4.9.2/avr5\libgcc.a(_exit.o)
 .text          0x00000000        0x0 c:/program files/atmel/studio/7.0/toolchain/avr8/avr8-gnu-toolchain/bin/../lib/gcc/avr/4.9.2/avr5\libgcc.a(_copy_data.o)
 .data          0x00000000        0x0 c:/program files/atmel/studio/7.0/toolchain/avr8/avr8-gnu-toolchain/bin/../lib/gcc/avr/4.9.2/avr5\libgcc.a(_copy_data.o)
 .bss           0x00000000        0x0 c:/program files/atmel/studio/7.0/toolchain/avr8/avr8-gnu-toolchain/bin/../lib/gcc/avr/4.9.2/avr5\libgcc.a(_copy_data.o)
 .text.libgcc.mul
                0x00000000        0x0 c:/program files/atmel/studio/7.0/toolchain/avr8/avr8-gnu-toolchain/bin/../lib/gcc/avr/4.9.2/avr5\libgcc.a(_copy_data.o)
 .text.libgcc.div
                0x00000000        0x0 c:/program files/atmel/studio/7.0/toolchain/avr8/avr8-gnu-toolchain/bin/../lib/gcc/avr/4.9.2/avr5\libgcc.a(_copy_data.o)
 .text.libgcc   0x00000000        0x0 c:/program files/atmel/studio/7.0/toolchain/avr8/avr8-gnu-toolchain/bin/../lib/gcc/avr/4.9.2/avr5\libgcc.a(_copy_data.o)
 .text.libgcc.prologue
                0x00000000        0x0 c:/program files/atmel/studio/7.0/toolchain/avr8/avr8-gnu-toolchain/bin/../lib/gcc/avr/4.9.2/avr5\libgcc.a(_copy_data.o)
 .text.libgcc.builtins
                0x00000000        0x0 c:/program files/atmel/studio/7.0/toolchain/avr8/avr8-gnu-toolchain/bin/../lib/gcc/avr/4.9.2/avr5\libgcc.a(_copy_data.o)
 .text.libgcc.fmul
                0x00000000        0x0 c:/program files/atmel/studio/7.0/toolchain/avr8/avr8-gnu-toolchain/bin/../lib/gcc/avr/4.9.2/avr5\libgcc.a(_copy_data.o)
 .text.libgcc.fixed
                0x00000000        0x0 c:/program files/atmel/studio/7.0/toolchain/avr8/avr8-gnu-toolchain/bin/../lib/gcc/avr/4.9.2/avr5\libgcc.a(_copy_data.o)
 .text          0x00000000        0x0 c:/program files/atmel/studio/7.0/toolchain/avr8/avr8-gnu-toolchain/bin/../lib/gcc/avr/4.9.2/avr5\libgcc.a(_clear_bss.o)
 .data          0x00000000        0x0 c:/program files/atmel/studio/7.0/toolchain/avr8/avr8-gnu-toolchain/bin/../lib/gcc/avr/4.9.2/avr5\libgcc.a(_clear_bss.o)
 .bss           0x00000000        0x0 c:/program files/atmel/studio/7.0/toolchain/avr8/avr8-gnu-toolchain/bin/../lib/gcc/avr/4.9.2/avr5\libgcc.a(_clear_bss.o)
 .text.libgcc.mul
                0x00000000        0x0 c:/program files/atmel/studio/7.0/toolchain/avr8/avr8-gnu-toolchain/bin/../lib/gcc/avr/4.9.2/avr5\libgcc.a(_clear_bss.o)
 .text.libgcc.div
                0x00000000        0x0 c:/program files/atmel/studio/7.0/toolchain/avr8/avr8-gnu-toolchain/bin/../lib/gcc/avr/4.9.2/avr5\libgcc.a(_clear_bss.o)
 .text.libgcc   0x00000000        0x0 c:/program files/atmel/studio/7.0/toolchain/avr8/avr8-gnu-toolchain/bin/../lib/gcc/avr/4.9.2/avr5\libgcc.a(_clear_bss.o)
 .text.libgcc.prologue
                0x00000000        0x0 c:/program files/atmel/studio/7.0/toolchain/avr8/avr8-gnu-toolchain/bin/../lib/gcc/avr/4.9.2/avr5\libgcc.a(_clear_bss.o)
 .text.libgcc.builtins
                0x00000000        0x0 c:/program files/atmel/studio/7.0/toolchain/avr8/avr8-gnu-toolchain/bin/../lib/gcc/avr/4.9.2/avr5\libgcc.a(_clear_bss.o)
 .text.libgcc.fmul
                0x00000000        0x0 c:/program files/atmel/studio/7.0/toolchain/avr8/avr8-gnu-toolchain/bin/../lib/gcc/avr/4.9.2/avr5\libgcc.a(_clear_bss.o)
 .text.libgcc.fixed
                0x00000000        0x0 c:/program files/atmel/studio/7.0/toolchain/avr8/avr8-gnu-toolchain/bin/../lib/gcc/avr/4.9.2/avr5\libgcc.a(_clear_bss.o)
 .text          0x00000000        0x0 c:/program files/atmel/studio/7.0/toolchain/avr8/avr8-gnu-toolchain/bin/../lib/gcc/avr/4.9.2/avr5\libgcc.a(_ctors.o)
 .data          0x00000000        0x0 c:/program files/atmel/studio/7.0/toolchain/avr8/avr8-gnu-toolchain/bin/../lib/gcc/avr/4.9.2/avr5\libgcc.a(_ctors.o)
 .bss           0x00000000        0x0 c:/program files/atmel/studio/7.0/toolchain/avr8/avr8-gnu-toolchain/bin/../lib/gcc/avr/4.9.2/avr5\libgcc.a(_ctors.o)
 .text.libgcc.mul
                0x00000000        0x0 c:/program files/atmel/studio/7.0/toolchain/avr8/avr8-gnu-toolchain/bin/../lib/gcc/avr/4.9.2/avr5\libgcc.a(_ctors.o)
 .text.libgcc.div
                0x00000000        0x0 c:/program files/atmel/studio/7.0/toolchain/avr8/avr8-gnu-toolchain/bin/../lib/gcc/avr/4.9.2/avr5\libgcc.a(_ctors.o)
 .text.libgcc   0x00000000        0x0 c:/program files/atmel/studio/7.0/toolchain/avr8/avr8-gnu-toolchain/bin/../lib/gcc/avr/4.9.2/avr5\libgcc.a(_ctors.o)
 .text.libgcc.prologue
                0x00000000        0x0 c:/program files/atmel/studio/7.0/toolchain/avr8/avr8-gnu-toolchain/bin/../lib/gcc/avr/4.9.2/avr5\libgcc.a(_ctors.o)
 .text.libgcc.builtins
                0x00000000        0x0 c:/program files/atmel/studio/7.0/toolchain/avr8/avr8-gnu-toolchain/bin/../lib/gcc/avr/4.9.2/avr5\libgcc.a(_ctors.o)
 .text.libgcc.fmul
                0x00000000        0x0 c:/program files/atmel/studio/7.0/toolchain/avr8/avr8-gnu-toolchain/bin/../lib/gcc/avr/4.9.2/avr5\libgcc.a(_ctors.o)
 .text.libgcc.fixed
                0x00000000        0x0 c:/program files/atmel/studio/7.0/toolchain/avr8/avr8-gnu-toolchain/bin/../lib/gcc/avr/4.9.2/avr5\libgcc.a(_ctors.o)
 .text          0x00000000        0x0 c:/program files/atmel/studio/7.0/toolchain/avr8/avr8-gnu-toolchain/bin/../lib/gcc/avr/4.9.2/avr5\libgcc.a(_dtors.o)
 .data          0x00000000        0x0 c:/program files/atmel/studio/7.0/toolchain/avr8/avr8-gnu-toolchain/bin/../lib/gcc/avr/4.9.2/avr5\libgcc.a(_dtors.o)
 .bss           0x00000000        0x0 c:/program files/atmel/studio/7.0/toolchain/avr8/avr8-gnu-toolchain/bin/../lib/gcc/avr/4.9.2/avr5\libgcc.a(_dtors.o)
 .text.libgcc.mul
                0x00000000        0x0 c:/program files/atmel/studio/7.0/toolchain/avr8/avr8-gnu-toolchain/bin/../lib/gcc/avr/4.9.2/avr5\libgcc.a(_dtors.o)
 .text.libgcc.div
                0x00000000        0x0 c:/program files/atmel/studio/7.0/toolchain/avr8/avr8-gnu-toolchain/bin/../lib/gcc/avr/4.9.2/avr5\libgcc.a(_dtors.o)
 .text.libgcc   0x00000000        0x0 c:/program files/atmel/studio/7.0/toolchain/avr8/avr8-gnu-toolchain/bin/../lib/gcc/avr/4.9.2/avr5\libgcc.a(_dtors.o)
 .text.libgcc.prologue
                0x00000000        0x0 c:/program files/atmel/studio/7.0/toolchain/avr8/avr8-gnu-toolchain/bin/../lib/gcc/avr/4.9.2/avr5\libgcc.a(_dtors.o)
 .text.libgcc.builtins
                0x00000000        0x0 c:/program files/atmel/studio/7.0/toolchain/avr8/avr8-gnu-toolchain/bin/../lib/gcc/avr/4.9.2/avr5\libgcc.a(_dtors.o)
 .text.libgcc.fmul
                0x00000000        0x0 c:/program files/atmel/studio/7.0/toolchain/avr8/avr8-gnu-toolchain/bin/../lib/gcc/avr/4.9.2/avr5\libgcc.a(_dtors.o)
 .text.libgcc.fixed
                0x00000000        0x0 c:/program files/atmel/studio/7.0/toolchain/avr8/avr8-gnu-toolchain/bin/../lib/gcc/avr/4.9.2/avr5\libgcc.a(_dtors.o)
 .text          0x00000000        0x0 c:/program files/atmel/studio/7.0/toolchain/avr8/avr8-gnu-toolchain/bin/../lib/gcc/avr/4.9.2/avr5\libgcc.a(_tablejump2.o)
 .data          0x00000000        0x0 c:/program files/atmel/studio/7.0/toolchain/avr8/avr8-gnu-toolchain/bin/../lib/gcc/avr/4.9.2/avr5\libgcc.a(_tablejump2.o)
 .bss           0x00000000        0x0 c:/program files/atmel/studio/7.0/toolchain/avr8/avr8-gnu-toolchain/bin/../lib/gcc/avr/4.9.2/avr5\libgcc.a(_tablejump2.o)
 .text.libgcc.mul
                0x00000000        0x0 c:/program files/atmel/studio/7.0/toolchain/avr8/avr8-gnu-toolchain/bin/../lib/gcc/avr/4.9.2/avr5\libgcc.a(_tablejump2.o)
 .text.libgcc.div
                0x00000000        0x0 c:/program files/atmel/studio/7.0/toolchain/avr8/avr8-gnu-toolchain/bin/../lib/gcc/avr/4.9.2/avr5\libgcc.a(_tablejump2.o)
 .text.libgcc.prologue
                0x00000000        0x0 c:/program files/atmel/studio/7.0/toolchain/avr8/avr8-gnu-toolchain/bin/../lib/gcc/avr/4.9.2/avr5\libgcc.a(_tablejump2.o)
 .text.libgcc.builtins
                0x00000000        0x0 c:/program files/atmel/studio/7.0/toolchain/avr8/avr8-gnu-toolchain/bin/../lib/gcc/avr/4.9.2/avr5\libgcc.a(_tablejump2.o)
 .text.libgcc.fmul
                0x00000000        0x0 c:/program files/atmel/studio/7.0/toolchain/avr8/avr8-gnu-toolchain/bin/../lib/gcc/avr/4.9.2/avr5\libgcc.a(_tablejump2.o)
 .text.libgcc.fixed
                0x00000000        0x0 c:/program files/atmel/studio/7.0/toolchain/avr8/avr8-gnu-toolchain/bin/../lib/gcc/avr/4.9.2/avr5\libgcc.a(_tablejump2.o)
 .text          0x00000000        0x0 c:/program files/atmel/studio/7.0/toolchain/avr8/avr8-gnu-toolchain/bin/../lib/gcc/avr/4.9.2/../../../../avr/lib/avr5\libc.a(itoa_ncheck.o)
 .data          0x00000000        0x0 c:/program files/atmel/studio/7.0/toolchain/avr8/avr8-gnu-toolchain/bin/../lib/gcc/avr/4.9.2/../../../../avr/lib/avr5\libc.a(itoa_ncheck.o)
 .bss           0x00000000        0x0 c:/program files/atmel/studio/7.0/toolchain/avr8/avr8-gnu-toolchain/bin/../lib/gcc/avr/4.9.2/../../../../avr/lib/avr5\libc.a(itoa_ncheck.o)
 .text.avr-libc
                0x00000000       0x16 c:/program files/atmel/studio/7.0/toolchain/avr8/avr8-gnu-toolchain/bin/../lib/gcc/avr/4.9.2/../../../../avr/lib/avr5\libc.a(itoa_ncheck.o)
 .text          0x00000000        0x0 c:/program files/atmel/studio/7.0/toolchain/avr8/avr8-gnu-toolchain/bin/../lib/gcc/avr/4.9.2/../../../../avr/lib/avr5\libc.a(utoa_ncheck.o)
 .data          0x00000000        0x0 c:/program files/atmel/studio/7.0/toolchain/avr8/avr8-gnu-toolchain/bin/../lib/gcc/avr/4.9.2/../../../../avr/lib/avr5\libc.a(utoa_ncheck.o)
 .bss           0x00000000        0x0 c:/program files/atmel/studio/7.0/toolchain/avr8/avr8-gnu-toolchain/bin/../lib/gcc/avr/4.9.2/../../../../avr/lib/avr5\libc.a(utoa_ncheck.o)
 .text.avr-libc
                0x00000000       0x34 c:/program files/atmel/studio/7.0/toolchain/avr8/avr8-gnu-toolchain/bin/../lib/gcc/avr/4.9.2/../../../../avr/lib/avr5\libc.a(utoa_ncheck.o)
 .text          0x00000000        0x0 c:/program files/atmel/studio/7.0/toolchain/avr8/avr8-gnu-toolchain/bin/../lib/gcc/avr/4.9.2/../../../../avr/lib/avr5\libc.a(strrev.o)
 .data          0x00000000        0x0 c:/program files/atmel/studio/7.0/toolchain/avr8/avr8-gnu-toolchain/bin/../lib/gcc/avr/4.9.2/../../../../avr/lib/avr5\libc.a(strrev.o)
 .bss           0x00000000        0x0 c:/program files/atmel/studio/7.0/toolchain/avr8/avr8-gnu-toolchain/bin/../lib/gcc/avr/4.9.2/../../../../avr/lib/avr5\libc.a(strrev.o)
 .text.avr-libc
                0x00000000       0x20 c:/program files/atmel/studio/7.0/toolchain/avr8/avr8-gnu-toolchain/bin/../lib/gcc/avr/4.9.2/../../../../avr/lib/avr5\libc.a(strrev.o)

Memory Configuration

Name             Origin             Length             Attributes
text             0x00000000         0x00020000         xr
data             0x00800060         0x0000ffa0         rw !x
eeprom           0x00810000         0x00010000         rw !x
fuse             0x00820000         0x00000400         rw !x
lock             0x00830000         0x00000400         rw !x
signature        0x00840000         0x00000400         rw !x
user_signatures  0x00850000         0x00000400         rw !x
*default*        0x00000000         0xffffffff

Linker script and memory map

LOAD C:/Program Files/Atmel/Studio/7.0/Packs/atmel/ATmega_DFP/1.0.90/gcc/dev/atmega32/avr5/crtatmega32.o
LOAD controller/Microcontroller.o
LOAD controller/Pinset.o
LOAD drivers/Accelerometer.o
LOAD drivers/AnalogInput.o
LOAD drivers/Communication.o
LOAD drivers/Device.o
LOAD drivers/DigitalOutput.o
LOAD drivers/EEPROM.o
LOAD drivers/Input.o
LOAD drivers/Keypad.o
LOAD drivers/Output.o
LOAD drivers/ParallelTextLCD.o
LOAD drivers/PushButtonSwitch.o
LOAD drivers/Storage.o
LOAD drivers/Timer.o
LOAD drivers/USART.o
LOAD interface/Istream.o
LOAD main.o
START GROUP
LOAD c:/program files/atmel/studio/7.0/toolchain/avr8/avr8-gnu-toolchain/bin/../lib/gcc/avr/4.9.2/../../../../avr/lib/avr5\libm.a
END GROUP
LOAD c:/program files/atmel/studio/7.0/toolchain/avr8/avr8-gnu-toolchain/bin/../lib/gcc/avr/4.9.2/avr5\libgcc.a
LOAD c:/program files/atmel/studio/7.0/toolchain/avr8/avr8-gnu-toolchain/bin/../lib/gcc/avr/4.9.2/../../../../avr/lib/avr5\libm.a
START GROUP
LOAD c:/program files/atmel/studio/7.0/toolchain/avr8/avr8-gnu-toolchain/bin/../lib/gcc/avr/4.9.2/avr5\libgcc.a
LOAD c:/program files/atmel/studio/7.0/toolchain/avr8/avr8-gnu-toolchain/bin/../lib/gcc/avr/4.9.2/../../../../avr/lib/avr5\libm.a
LOAD c:/program files/atmel/studio/7.0/toolchain/avr8/avr8-gnu-toolchain/bin/../lib/gcc/avr/4.9.2/../../../../avr/lib/avr5\libc.a
LOAD C:/Program Files/Atmel/Studio/7.0/Packs/atmel/ATmega_DFP/1.0.90/gcc/dev/atmega32/avr5\libatmega32.a
END GROUP

.hash
 *(.hash)

.dynsym
 *(.dynsym)

.dynstr
 *(.dynstr)

.gnu.version
 *(.gnu.version)

.gnu.version_d
 *(.gnu.version_d)

.gnu.version_r
 *(.gnu.version_r)

.rel.init
 *(.rel.init)

.rela.init
 *(.rela.init)

.rel.text
 *(.rel.text)
 *(.rel.text.*)
 *(.rel.gnu.linkonce.t*)

.rela.text
 *(.rela.text)
 *(.rela.text.*)
 *(.rela.gnu.linkonce.t*)

.rel.fini
 *(.rel.fini)

.rela.fini
 *(.rela.fini)

.rel.rodata
 *(.rel.rodata)
 *(.rel.rodata.*)
 *(.rel.gnu.linkonce.r*)

.rela.rodata
 *(.rela.rodata)
 *(.rela.rodata.*)
 *(.rela.gnu.linkonce.r*)

.rel.data
 *(.rel.data)
 *(.rel.data.*)
 *(.rel.gnu.linkonce.d*)

.rela.data
 *(.rela.data)
 *(.rela.data.*)
 *(.rela.gnu.linkonce.d*)

.rel.ctors
 *(.rel.ctors)

.rela.ctors
 *(.rela.ctors)

.rel.dtors
 *(.rel.dtors)

.rela.dtors
 *(.rela.dtors)

.rel.got
 *(.rel.got)

.rela.got
 *(.rela.got)

.rel.bss
 *(.rel.bss)

.rela.bss
 *(.rela.bss)

.rel.plt
 *(.rel.plt)

.rela.plt
 *(.rela.plt)

.text           0x00000000      0x504
 *(.vectors)
 .vectors       0x00000000       0x54 C:/Program Files/Atmel/Studio/7.0/Packs/atmel/ATmega_DFP/1.0.90/gcc/dev/atmega32/avr5/crtatmega32.o
                0x00000000                __vector_default
                0x00000000                __vectors
 *(.vectors)
 *(.progmem.gcc*)
                0x00000054                . = ALIGN (0x2)
                0x00000054                __trampolines_start = .
 *(.trampolines)
 .trampolines   0x00000054        0x0 linker stubs
 *(.trampolines*)
                0x00000054                __trampolines_end = .
 *(.progmem*)
                0x00000054                . = ALIGN (0x2)
 *(.jumptables)
 *(.jumptables*)
 *(.lowtext)
 *(.lowtext*)
                0x00000054                __ctors_start = .
 *(.ctors)
 .ctors         0x00000054        0x2 main.o
                0x00000056                __ctors_end = .
                0x00000056                __dtors_start = .
 *(.dtors)
 .dtors         0x00000056        0x2 main.o
                0x00000058                __dtors_end = .
 SORT(*)(.ctors)
 SORT(*)(.dtors)
 *(.init0)
 .init0         0x00000058        0x0 C:/Program Files/Atmel/Studio/7.0/Packs/atmel/ATmega_DFP/1.0.90/gcc/dev/atmega32/avr5/crtatmega32.o
                0x00000058                __init
 *(.init0)
 *(.init1)
 *(.init1)
 *(.init2)
 .init2         0x00000058        0xc C:/Program Files/Atmel/Studio/7.0/Packs/atmel/ATmega_DFP/1.0.90/gcc/dev/atmega32/avr5/crtatmega32.o
 *(.init2)
 *(.init3)
 *(.init3)
 *(.init4)
 .init4         0x00000064       0x16 c:/program files/atmel/studio/7.0/toolchain/avr8/avr8-gnu-toolchain/bin/../lib/gcc/avr/4.9.2/avr5\libgcc.a(_copy_data.o)
                0x00000064                __do_copy_data
 .init4         0x0000007a       0x10 c:/program files/atmel/studio/7.0/toolchain/avr8/avr8-gnu-toolchain/bin/../lib/gcc/avr/4.9.2/avr5\libgcc.a(_clear_bss.o)
                0x0000007a                __do_clear_bss
 *(.init4)
 *(.init5)
 *(.init5)
 *(.init6)
 .init6         0x0000008a       0x16 c:/program files/atmel/studio/7.0/toolchain/avr8/avr8-gnu-toolchain/bin/../lib/gcc/avr/4.9.2/avr5\libgcc.a(_ctors.o)
                0x0000008a                __do_global_ctors
 *(.init6)
 *(.init7)
 *(.init7)
 *(.init8)
 *(.init8)
 *(.init9)
 .init9         0x000000a0        0x8 C:/Program Files/Atmel/Studio/7.0/Packs/atmel/ATmega_DFP/1.0.90/gcc/dev/atmega32/avr5/crtatmega32.o
 *(.init9)
 *(.text)
 .text          0x000000a8        0x4 C:/Program Files/Atmel/Studio/7.0/Packs/atmel/ATmega_DFP/1.0.90/gcc/dev/atmega32/avr5/crtatmega32.o
                0x000000a8                __vector_1
                0x000000a8                __vector_12
                0x000000a8                __bad_interrupt
                0x000000a8                __vector_6
                0x000000a8                __vector_3
                0x000000a8                __vector_11
                0x000000a8                __vector_13
                0x000000a8                __vector_17
                0x000000a8                __vector_19
                0x000000a8                __vector_7
                0x000000a8                __vector_5
                0x000000a8                __vector_4
                0x000000a8                __vector_9
                0x000000a8                __vector_2
                0x000000a8                __vector_15
                0x000000a8                __vector_8
                0x000000a8                __vector_14
                0x000000a8                __vector_10
                0x000000a8                __vector_18
                0x000000a8                __vector_20
                0x000000ac                . = ALIGN (0x2)
 *(.text.*)
 .text._ZN7atmicro13AccelerometerC2ENS_10ADCchannelES1_S1_
                0x000000ac       0x40 drivers/Accelerometer.o
                0x000000ac                _ZN7atmicro13AccelerometerC2ENS_10ADCchannelES1_S1_
                0x000000ac                _ZN7atmicro13AccelerometerC1ENS_10ADCchannelES1_S1_
 .text._ZN7atmicro13AccelerometerD2Ev
                0x000000ec        0x2 drivers/Accelerometer.o
                0x000000ec                _ZN7atmicro13AccelerometerD2Ev
                0x000000ec                _ZN7atmicro13AccelerometerD1Ev
 .text._ZN7atmicro13Accelerometer6updateEv
                0x000000ee       0x88 drivers/Accelerometer.o
                0x000000ee                _ZN7atmicro13Accelerometer6updateEv
 .text._ZN7atmicro6Device9setStatusENS_3PINEb
                0x00000176      0x118 drivers/Device.o
                0x00000176                _ZN7atmicro6Device9setStatusENS_3PINEb
 .text._ZN7atmicro6Device12setDirectionENS_3PINEb
                0x0000028e      0x118 drivers/Device.o
                0x0000028e                _ZN7atmicro6Device12setDirectionENS_3PINEb
 .text._ZN7atmicro13DigitalOutput10initializeEv
                0x000003a6       0x1c drivers/DigitalOutput.o
                0x000003a6                _ZN7atmicro13DigitalOutput10initializeEv
 .text._ZN7atmicro13DigitalOutputC2ENS_3PINE
                0x000003c2       0x14 drivers/DigitalOutput.o
                0x000003c2                _ZN7atmicro13DigitalOutputC1ENS_3PINE
                0x000003c2                _ZN7atmicro13DigitalOutputC2ENS_3PINE
 .text._ZN7atmicro13DigitalOutput2onEv
                0x000003d6       0x18 drivers/DigitalOutput.o
                0x000003d6                _ZN7atmicro13DigitalOutput2onEv
 .text._ZN7atmicro13DigitalOutput3offEv
                0x000003ee       0x16 drivers/DigitalOutput.o
                0x000003ee                _ZN7atmicro13DigitalOutput3offEv
 .text._ZN7atmicro13DigitalOutput6toggleEv
                0x00000404       0x22 drivers/DigitalOutput.o
                0x00000404                _ZN7atmicro13DigitalOutput6toggleEv
 .text.main     0x00000426       0x52 main.o
                0x00000426                main
 .text.__vector_16
                0x00000478       0x4c main.o
                0x00000478                __vector_16
 .text._GLOBAL__sub_I_acc
                0x000004c4       0x10 main.o
 .text._GLOBAL__sub_D_acc
                0x000004d4        0xa main.o
 .text.libgcc   0x000004de        0xc c:/program files/atmel/studio/7.0/toolchain/avr8/avr8-gnu-toolchain/bin/../lib/gcc/avr/4.9.2/avr5\libgcc.a(_tablejump2.o)
                0x000004de                __tablejump2__
                0x000004ea                . = ALIGN (0x2)
 *(.fini9)
 .fini9         0x000004ea        0x0 c:/program files/atmel/studio/7.0/toolchain/avr8/avr8-gnu-toolchain/bin/../lib/gcc/avr/4.9.2/avr5\libgcc.a(_exit.o)
                0x000004ea                _exit
                0x000004ea                exit
 *(.fini9)
 *(.fini8)
 *(.fini8)
 *(.fini7)
 *(.fini7)
 *(.fini6)
 .fini6         0x000004ea       0x16 c:/program files/atmel/studio/7.0/toolchain/avr8/avr8-gnu-toolchain/bin/../lib/gcc/avr/4.9.2/avr5\libgcc.a(_dtors.o)
                0x000004ea                __do_global_dtors
 *(.fini6)
 *(.fini5)
 *(.fini5)
 *(.fini4)
 *(.fini4)
 *(.fini3)
 *(.fini3)
 *(.fini2)
 *(.fini2)
 *(.fini1)
 *(.fini1)
 *(.fini0)
 .fini0         0x00000500        0x4 c:/program files/atmel/studio/7.0/toolchain/avr8/avr8-gnu-toolchain/bin/../lib/gcc/avr/4.9.2/avr5\libgcc.a(_exit.o)
 *(.fini0)
                0x00000504                _etext = .

.data           0x00800060        0x6 load address 0x00000504
                0x00800060                PROVIDE (__data_start, .)
 *(.data)
 *(.data*)
 *(.rodata)
 *(.rodata*)
 .rodata._ZTVN7atmicro13DigitalOutputE
                0x00800060        0x6 drivers/DigitalOutput.o
                0x00800060                _ZTVN7atmicro13DigitalOutputE
 *(.gnu.linkonce.d*)
                0x00800066                . = ALIGN (0x2)
                0x00800066                _edata = .
                0x00800066                PROVIDE (__data_end, .)

.bss            0x00800066        0x9
                0x00800066                PROVIDE (__bss_start, .)
 *(.bss)
 *(.bss*)
 .bss.acc       0x00800066        0x9 main.o
                0x00800066                acc
 *(COMMON)
                0x0080006f                PROVIDE (__bss_end, .)
                0x00000504                __data_load_start = LOADADDR (.data)
                0x0000050a                __data_load_end = (__data_load_start + SIZEOF (.data))

.noinit         0x0080006f        0x0
                0x0080006f                PROVIDE (__noinit_start, .)
 *(.noinit*)
                0x0080006f                PROVIDE (__noinit_end, .)
                0x0080006f                _end = .
                0x0080006f                PROVIDE (__heap_start, .)

.eeprom         0x00810000        0x0
 *(.eeprom*)
                0x00810000                __eeprom_end = .

.fuse
 *(.fuse)
 *(.lfuse)
 *(.hfuse)
 *(.efuse)

.lock
 *(.lock*)

.signature
 *(.signature*)

.user_signatures
 *(.user_signatures*)

.stab
 *(.stab)

.stabstr
 *(.stabstr)

.stab.excl
 *(.stab.excl)

.stab.exclstr
 *(.stab.exclstr)

.stab.index
 *(.stab.index)

.stab.indexstr
 *(.stab.indexstr)

.comment        0x00000000       0x30
 *(.comment)
 .comment       0x00000000       0x30 drivers/Accelerometer.o
                                 0x31 (size before relaxing)
 .comment       0x00000030       0x31 drivers/Device.o
 .comment       0x00000030       0x31 drivers/DigitalOutput.o
 .comment       0x00000030       0x31 main.o

.note.gnu.avr.deviceinfo
                0x00000000       0x3c
 .note.gnu.avr.deviceinfo
                0x00000000       0x3c C:/Program Files/Atmel/Studio/7.0/Packs/atmel/ATmega_DFP/1.0.90/gcc/dev/atmega32/avr5/crtatmega32.o

.note.gnu.build-id
 *(.note.gnu.build-id)

.debug
 *(.debug)

.line
 *(.line)

.debug_srcinfo
 *(.debug_srcinfo)

.debug_sfnames
 *(.debug_sfnames)

.debug_aranges  0x00000000      0x108
 *(.debug_aranges)
 .debug_aranges
                0x00000000       0x30 drivers/Accelerometer.o
 .debug_aranges
                0x00000030       0x58 drivers/Device.o
 .debug_aranges
                0x00000088       0x48 drivers/DigitalOutput.o
 .debug_aranges
                0x000000d0       0x38 main.o

.debug_pubnames
 *(.debug_pubnames)

.debug_info     0x00000000     0x1414
 *(.debug_info .gnu.linkonce.wi.*)
 .debug_info    0x00000000      0x327 drivers/Accelerometer.o
 .debug_info    0x00000327      0x44d drivers/Device.o
 .debug_info    0x00000774      0x730 drivers/DigitalOutput.o
 .debug_info    0x00000ea4      0x570 main.o

.debug_abbrev   0x00000000      0x81f
 *(.debug_abbrev)
 .debug_abbrev  0x00000000      0x1af drivers/Accelerometer.o
 .debug_abbrev  0x000001af      0x131 drivers/Device.o
 .debug_abbrev  0x000002e0      0x28f drivers/DigitalOutput.o
 .debug_abbrev  0x0000056f      0x2b0 main.o

.debug_line     0x00000000      0x575
 *(.debug_line .debug_line.* .debug_line_end)
 .debug_line    0x00000000      0x12b drivers/Accelerometer.o
 .debug_line    0x0000012b      0x19b drivers/Device.o
 .debug_line    0x000002c6       0xfb drivers/DigitalOutput.o
 .debug_line    0x000003c1      0x1b4 main.o

.debug_frame    0x00000000      0x234
 *(.debug_frame)
 .debug_frame   0x00000000       0x44 drivers/Accelerometer.o
 .debug_frame   0x00000044       0x94 drivers/Device.o
 .debug_frame   0x000000d8       0xb0 drivers/DigitalOutput.o
 .debug_frame   0x00000188       0xac main.o

.debug_str      0x00000000      0x86f
 *(.debug_str)
 .debug_str     0x00000000      0x2bd drivers/Accelerometer.o
                                0x2ff (size before relaxing)
 .debug_str     0x000002bd      0x31b drivers/Device.o
                                0x4c2 (size before relaxing)
 .debug_str     0x000005d8      0x187 drivers/DigitalOutput.o
                                0x643 (size before relaxing)
 .debug_str     0x0000075f      0x110 main.o
                                0x4b5 (size before relaxing)

.debug_loc      0x00000000      0x9f9
 *(.debug_loc)
 .debug_loc     0x00000000       0x98 drivers/Accelerometer.o
 .debug_loc     0x00000098      0x5ea drivers/Device.o
 .debug_loc     0x00000682      0x240 drivers/DigitalOutput.o
 .debug_loc     0x000008c2      0x137 main.o

.debug_macinfo
 *(.debug_macinfo)

.debug_weaknames
 *(.debug_weaknames)

.debug_funcnames
 *(.debug_funcnames)

.debug_typenames
 *(.debug_typenames)

.debug_varnames
 *(.debug_varnames)

.debug_pubtypes
 *(.debug_pubtypes)

.debug_ranges   0x00000000       0xe0
 *(.debug_ranges)
 .debug_ranges  0x00000000       0x20 drivers/Accelerometer.o
 .debug_ranges  0x00000020       0x48 drivers/Device.o
 .debug_ranges  0x00000068       0x38 drivers/DigitalOutput.o
 .debug_ranges  0x000000a0       0x40 main.o

.debug_macro
 *(.debug_macro)
OUTPUT(HealthAcceleration.elf elf32-avr)
LOAD linker stubs
